exports[`ItemList component renders an item correctly 1`] = `
<Component
  canMove={true}
  items={
    Array [
      Object {
        "isCompleted": false,
        "isProject": false,
        "name": "Task",
      },
    ]
  }>
  <div>
    <Component
      canMove={true}
      index={0}
      item={
        Object {
          "isCompleted": false,
          "isProject": false,
          "name": "Task",
        }
      }
      onDelete={[Function]}>
      <AccessibleFakeButtonInked
        className="flex row Item md-text"
        component="div"
        inkTransitionEnterTimeout={450}
        inkTransitionLeaveTimeout={300}
        inkTransitionOverlap={150}>
        <AccessibleFakeButton
          className="flex row Item md-text"
          component="div"
          ink={
            <InkContainer
              className={undefined}
              disabledInteractions={undefined}
              inkClassName={undefined}
              inkStyle={undefined}
              style={undefined}
              transitionEnterTimeout={450}
              transitionLeaveTimeout={300}
              transitionOverlap={150}
              waitForInkTransition={undefined} />
          }
          role="button"
          tabIndex={0}>
          <div
            aria-pressed={false}
            className="md-fake-btn md-pointer--hover flex row Item md-text"
            onBlur={[Function]}
            onClick={[Function]}
            onKeyDown={[Function]}
            onKeyUp={[Function]}
            role="button"
            tabIndex={0}>
            <InkContainer
              transitionEnterTimeout={450}
              transitionLeaveTimeout={300}
              transitionOverlap={150}>
              <ReactTransitionGroup
                childFactory={[Function]}
                className="md-ink-container"
                component="div">
                <div
                  className="md-ink-container" />
              </ReactTransitionGroup>
            </InkContainer>
            <div
              className="Item-left">
              <ButtonTooltipedInked
                icon={true}
                inkTransitionEnterTimeout={450}
                inkTransitionLeaveTimeout={300}
                inkTransitionOverlap={150}>
                <ButtonTooltiped
                  icon={true}
                  ink={
                    <InkContainer
                      className={undefined}
                      disabledInteractions={undefined}
                      inkClassName={undefined}
                      inkStyle={undefined}
                      style={undefined}
                      transitionEnterTimeout={450}
                      transitionLeaveTimeout={300}
                      transitionOverlap={150}
                      waitForInkTransition={undefined} />
                  }
                  tooltipDelay={0}
                  tooltipPosition="bottom"
                  tooltipTransitionEnterTimeout={150}
                  tooltipTransitionLeaveTimeout={150}>
                  <Button
                    fixedPosition="br"
                    icon={true}
                    iconBefore={true}
                    ink={
                      <InkContainer
                        className={undefined}
                        disabledInteractions={undefined}
                        inkClassName={undefined}
                        inkStyle={undefined}
                        style={undefined}
                        transitionEnterTimeout={450}
                        transitionLeaveTimeout={300}
                        transitionOverlap={150}
                        waitForInkTransition={undefined} />
                    }
                    type="button">
                    <button
                      className="md-inline-block md-btn md-btn--icon md-pointer--hover"
                      onKeyDown={[Function]}
                      onKeyUp={[Function]}
                      onMouseDown={[Function]}
                      onMouseLeave={[Function]}
                      onMouseOver={[Function]}
                      onMouseUp={[Function]}
                      onTouchEnd={[Function]}
                      onTouchStart={[Function]}
                      type="button">
                      <InkContainer
                        transitionEnterTimeout={450}
                        transitionLeaveTimeout={300}
                        transitionOverlap={150}>
                        <ReactTransitionGroup
                          childFactory={[Function]}
                          className="md-ink-container"
                          component="div">
                          <div
                            className="md-ink-container" />
                        </ReactTransitionGroup>
                      </InkContainer>
                      <FontIcon
                        iconClassName="material-icons">
                        <i
                          className="md-icon material-icons">
                          <MdDone>
                            <IconBase
                              viewBox="0 0 40 40">
                              <svg
                                fill="currentColor"
                                height="1em"
                                preserveAspectRatio="xMidYMid meet"
                                style={
                                  Object {
                                    "color": undefined,
                                    "verticalAlign": "middle",
                                  }
                                }
                                viewBox="0 0 40 40"
                                width="1em">
                                <g>
                                  <path
                                    d="m15 27l17.7-17.7 2.3 2.3-20 20-9.3-9.3 2.3-2.3z" />
                                </g>
                              </svg>
                            </IconBase>
                          </MdDone>
                        </i>
                      </FontIcon>
                    </button>
                  </Button>
                </ButtonTooltiped>
              </ButtonTooltipedInked>
            </div>
            <div
              className="Item-center">
              <span
                className="Item-name">
                Task
              </span>
            </div>
            <div
              className="Item-right">
              <ButtonTooltipedInked
                icon={true}
                inkTransitionEnterTimeout={450}
                inkTransitionLeaveTimeout={300}
                inkTransitionOverlap={150}>
                <ButtonTooltiped
                  icon={true}
                  ink={
                    <InkContainer
                      className={undefined}
                      disabledInteractions={undefined}
                      inkClassName={undefined}
                      inkStyle={undefined}
                      style={undefined}
                      transitionEnterTimeout={450}
                      transitionLeaveTimeout={300}
                      transitionOverlap={150}
                      waitForInkTransition={undefined} />
                  }
                  tooltipDelay={0}
                  tooltipPosition="bottom"
                  tooltipTransitionEnterTimeout={150}
                  tooltipTransitionLeaveTimeout={150}>
                  <Button
                    fixedPosition="br"
                    icon={true}
                    iconBefore={true}
                    ink={
                      <InkContainer
                        className={undefined}
                        disabledInteractions={undefined}
                        inkClassName={undefined}
                        inkStyle={undefined}
                        style={undefined}
                        transitionEnterTimeout={450}
                        transitionLeaveTimeout={300}
                        transitionOverlap={150}
                        waitForInkTransition={undefined} />
                    }
                    type="button">
                    <button
                      className="md-inline-block md-btn md-btn--icon md-pointer--hover"
                      onKeyDown={[Function]}
                      onKeyUp={[Function]}
                      onMouseDown={[Function]}
                      onMouseLeave={[Function]}
                      onMouseOver={[Function]}
                      onMouseUp={[Function]}
                      onTouchEnd={[Function]}
                      onTouchStart={[Function]}
                      type="button">
                      <InkContainer
                        transitionEnterTimeout={450}
                        transitionLeaveTimeout={300}
                        transitionOverlap={150}>
                        <ReactTransitionGroup
                          childFactory={[Function]}
                          className="md-ink-container"
                          component="div">
                          <div
                            className="md-ink-container" />
                        </ReactTransitionGroup>
                      </InkContainer>
                      <FontIcon
                        iconClassName="material-icons">
                        <i
                          className="md-icon material-icons">
                          <MdCreate>
                            <IconBase
                              viewBox="0 0 40 40">
                              <svg
                                fill="currentColor"
                                height="1em"
                                preserveAspectRatio="xMidYMid meet"
                                style={
                                  Object {
                                    "color": undefined,
                                    "verticalAlign": "middle",
                                  }
                                }
                                viewBox="0 0 40 40"
                                width="1em">
                                <g>
                                  <path
                                    d="m34.5 11.7l-3 3.1-6.3-6.3 3.1-3q0.5-0.5 1.2-0.5t1.1 0.5l3.9 3.9q0.5 0.4 0.5 1.1t-0.5 1.2z m-29.5 17.1l18.4-18.5 6.3 6.3-18.4 18.4h-6.3v-6.2z" />
                                </g>
                              </svg>
                            </IconBase>
                          </MdCreate>
                        </i>
                      </FontIcon>
                    </button>
                  </Button>
                </ButtonTooltiped>
              </ButtonTooltipedInked>
              <ButtonTooltipedInked
                icon={true}
                inkTransitionEnterTimeout={450}
                inkTransitionLeaveTimeout={300}
                inkTransitionOverlap={150}>
                <ButtonTooltiped
                  icon={true}
                  ink={
                    <InkContainer
                      className={undefined}
                      disabledInteractions={undefined}
                      inkClassName={undefined}
                      inkStyle={undefined}
                      style={undefined}
                      transitionEnterTimeout={450}
                      transitionLeaveTimeout={300}
                      transitionOverlap={150}
                      waitForInkTransition={undefined} />
                  }
                  tooltipDelay={0}
                  tooltipPosition="bottom"
                  tooltipTransitionEnterTimeout={150}
                  tooltipTransitionLeaveTimeout={150}>
                  <Button
                    fixedPosition="br"
                    icon={true}
                    iconBefore={true}
                    ink={
                      <InkContainer
                        className={undefined}
                        disabledInteractions={undefined}
                        inkClassName={undefined}
                        inkStyle={undefined}
                        style={undefined}
                        transitionEnterTimeout={450}
                        transitionLeaveTimeout={300}
                        transitionOverlap={150}
                        waitForInkTransition={undefined} />
                    }
                    type="button">
                    <button
                      className="md-inline-block md-btn md-btn--icon md-pointer--hover"
                      onKeyDown={[Function]}
                      onKeyUp={[Function]}
                      onMouseDown={[Function]}
                      onMouseLeave={[Function]}
                      onMouseOver={[Function]}
                      onMouseUp={[Function]}
                      onTouchEnd={[Function]}
                      onTouchStart={[Function]}
                      type="button">
                      <InkContainer
                        transitionEnterTimeout={450}
                        transitionLeaveTimeout={300}
                        transitionOverlap={150}>
                        <ReactTransitionGroup
                          childFactory={[Function]}
                          className="md-ink-container"
                          component="div">
                          <div
                            className="md-ink-container" />
                        </ReactTransitionGroup>
                      </InkContainer>
                      <FontIcon
                        iconClassName="material-icons">
                        <i
                          className="md-icon material-icons">
                          <MdMoreVert>
                            <IconBase
                              viewBox="0 0 40 40">
                              <svg
                                fill="currentColor"
                                height="1em"
                                preserveAspectRatio="xMidYMid meet"
                                style={
                                  Object {
                                    "color": undefined,
                                    "verticalAlign": "middle",
                                  }
                                }
                                viewBox="0 0 40 40"
                                width="1em">
                                <g>
                                  <path
                                    d="m20 26.6c1.8 0 3.4 1.6 3.4 3.4s-1.6 3.4-3.4 3.4-3.4-1.6-3.4-3.4 1.6-3.4 3.4-3.4z m0-10c1.8 0 3.4 1.6 3.4 3.4s-1.6 3.4-3.4 3.4-3.4-1.6-3.4-3.4 1.6-3.4 3.4-3.4z m0-3.2c-1.8 0-3.4-1.6-3.4-3.4s1.6-3.4 3.4-3.4 3.4 1.6 3.4 3.4-1.6 3.4-3.4 3.4z" />
                                </g>
                              </svg>
                            </IconBase>
                          </MdMoreVert>
                        </i>
                      </FontIcon>
                    </button>
                  </Button>
                </ButtonTooltiped>
              </ButtonTooltipedInked>
            </div>
          </div>
        </AccessibleFakeButton>
      </AccessibleFakeButtonInked>
    </Component>
    <Divider>
      <hr
        className="md-divider" />
    </Divider>
  </div>
</Component>
`;
